// Jest Snapshot v1, https://goo.gl/fbAQLP

exports[`portfolio should contain a cloudfront distribution 1`] = `
"{
  "provider": {
    "aws": [
      {
        "region": "ap-southeast-2"
      }
    ]
  },
  "resource": {
    "aws_cloudfront_distribution": {
      "distribution": {
        "default_cache_behavior": {
          "allowed_methods": [
            "GET",
            "HEAD",
            "OPTIONS"
          ],
          "cache_policy_id": "658327ea-f89d-4fab-a63d-7e88639e58f6",
          "cached_methods": [
            "GET",
            "HEAD",
            "OPTIONS"
          ],
          "target_origin_id": "\${aws_s3_bucket.bucket.id}",
          "viewer_protocol_policy": "redirect-to-https"
        },
        "default_root_object": "index.html",
        "enabled": true,
        "is_ipv6_enabled": true,
        "origin": [
          {
            "custom_origin_config": {
              "http_port": 80,
              "https_port": 443,
              "origin_protocol_policy": "http-only",
              "origin_ssl_protocols": [
                "TLSv1.2",
                "TLSv1.1"
              ]
            },
            "domain_name": "\${aws_s3_bucket.bucket.bucket_domain_name}",
            "origin_id": "\${aws_s3_bucket.bucket.id}"
          }
        ],
        "restrictions": {
          "geo_restriction": {
            "restriction_type": "none"
          }
        },
        "viewer_certificate": {
          "cloudfront_default_certificate": true,
          "ssl_support_method": "sni-only"
        }
      }
    },
    "aws_s3_bucket": {
      "bucket": {
        "acl": "public-read",
        "bucket": "wesleyzxc-portfolio",
        "policy": "{\\n          \\"Version\\": \\"2012-10-17\\",\\n          \\"Statement\\": [\\n            {\\n              \\"Sid\\": \\"PublicReadGetObject\\",\\n              \\"Effect\\": \\"Allow\\",\\n              \\"Principal\\": \\"*\\",\\n              \\"Action\\": [\\n                \\"s3:GetObject\\"\\n              ],\\n              \\"Resource\\": [\\n                \\"arn:aws:s3:::wesleyzxc-portfolio/*\\"\\n              ]\\n            }\\n          ]\\n        }",
        "website": {
          "index_document": "index.html"
        }
      }
    },
    "aws_s3_bucket_public_access_block": {
      "bucketPublicAccess": {
        "block_public_acls": false,
        "block_public_policy": false,
        "bucket": "\${aws_s3_bucket.bucket.id}",
        "depends_on": [
          "aws_s3_bucket.bucket"
        ],
        "ignore_public_acls": false,
        "restrict_public_buckets": false
      }
    }
  },
  "terraform": {
    "required_providers": {
      "aws": {
        "source": "aws",
        "version": "5.75.1"
      }
    }
  }
}"
`;
